<?xml version="1.0" ?>
<dataset>
    <roles />
</dataset>